exports[`App renders 1`] = `
<div
  className="container" />
`;
